// Jest Snapshot v1, https://goo.gl/fbAQLP

exports[`Test EmptyContent component EmptyContent snapshot renders 1`] = `
<div
  className="MuiGrid-root MuiGrid-container MuiGrid-direction-xs-column MuiGrid-align-items-xs-center MuiGrid-justify-xs-center"
  style={
    Object {
      "padding": "3em",
    }
  }
>
  <div
    className="MuiGrid-root"
    style={
      Object {
        "marginBottom": "2em",
      }
    }
  >
    <div
      className="MuiAvatar-root MuiAvatar-circle MuiAvatar-colorDefault"
    >
      <svg
        aria-hidden={true}
        className="MuiSvgIcon-root"
        focusable="false"
        viewBox="0 0 24 24"
      >
        <circle
          cx="15.5"
          cy="9.5"
          r="1.5"
        />
        <circle
          cx="8.5"
          cy="9.5"
          r="1.5"
        />
        <path
          d="M11.99 2C6.47 2 2 6.48 2 12s4.47 10 9.99 10C17.52 22 22 17.52 22 12S17.52 2 11.99 2zM12 20c-4.42 0-8-3.58-8-8s3.58-8 8-8 8 3.58 8 8-3.58 8-8 8zm0-3.5c.73 0 1.39.19 1.97.53.12-.14.86-.98 1.01-1.14-.85-.56-1.87-.89-2.98-.89-1.11 0-2.13.33-2.99.88.97 1.09.01.02 1.01 1.14.59-.33 1.25-.52 1.98-.52z"
        />
      </svg>
    </div>
  </div>
  <div
    className="MuiGrid-root"
  >
    <p
      className="MuiTypography-root MuiTypography-body1"
    >
      It was not found any content for this resource
    </p>
  </div>
</div>
`;
